// Jest Snapshot v1, https://goo.gl/fbAQLP

exports[`AutoUnfurlPrompt message rendering works 1`] = `
Object {
  "actions": Array [
    Object {
      "name": "mute-24h",
      "text": "Mute prompts for 24h",
      "type": "button",
    },
    Object {
      "name": "mute-indefinitely",
      "text": "Mute prompts indefinitely",
      "type": "button",
    },
    Object {
      "name": "cancel",
      "text": "Always ask me",
      "type": "button",
    },
  ],
  "callback_id": "unfurl-mute-prompts",
  "color": "#24292f",
  "title": "Getting too many prompts?",
}
`;
