// Jest Snapshot v1, https://goo.gl/fbAQLP

exports[`Exception works 1`] = `
Object {
  "attachments": Array [
    Object {
      "color": "danger",
      "mrkdwn_in": Array [
        "text",
      ],
      "text": "Sorry, we had trouble with your request! If this is interfering with your work, please <https://github.com/contact?form%5Bsubject%5D=GitHub%2BSlack%20integration&form%5Bcomments%5D=Tell%20us%20a%20little%20more%20about%20what%20happened%20and%20include%20the%20error%20code%20and%20metadata%20below.%0A%0AError%20code%3A%20error-code-123%0A%0ASlack%20metadata%3A%0ATeam%3A%20T01234%0AUser%3A%20U01234%0AChannel%3A%20C01234%0ACommand%3A%20%2Fgithub%20subscribe%20integrations%2Ftest%20hihihi|get in touch>!",
    },
  ],
  "response_type": "ephemeral",
}
`;
