// Jest Snapshot v1, https://goo.gl/fbAQLP

exports[`SignInConfirm rendering works 1`] = `
Object {
  "color": "#24292f",
  "mrkdwn_in": Array [
    "text",
  ],
  "text": ":white_check_mark: Success! <@U12345> is now connected to <https://github.com/tarebyte|@tarebyte>",
}
`;
