// Jest Snapshot v1, https://goo.gl/fbAQLP

exports[`SlackInstalled works 1`] = `
Object {
  "attachments": Array [
    Object {
      "color": "#24292f",
      "fallback": "You've successfully installed GitHub on this Slack workspace :tada:
To subscribe a channel to a repository use the following slash command:
/github subscribe owner/repository
",
      "text": "You've successfully installed GitHub on this Slack workspace :tada:
To subscribe a channel to a repository use the following slash command:
/github subscribe owner/repository
",
    },
    Object {
      "color": "#24292f",
      "fallback": "Looking for additional help? Try /github help",
      "text": "Looking for additional help? Try /github help",
    },
  ],
}
`;
